<div class="container"><header><h1>Steer the Beat</h1></header><footer><p>Copyright &copy; 2012 Steer the Beat.</p></footer></div>