<!DOCTYPE html>
<html lang="en">
<head>
    <meta charset="utf-8"/>
    <title>Karthik Viswanathan</title>
    <script src="jquery-1.7.2.js"></script>
</head>
<body>
    <script src="http://karthikv.net/js/respond.min.js?v=1316246035"></script>
</body>
</html>
