<!DOCTYPE html>
<html lang="en">
<head>
    <meta charset="utf-8"/>
    <title>Karthik Viswanathan</title>
    <link rel="stylesheet" href="bootstrap-2.0.4.css" />
</head>
<body>
    <script src="http://karthikv.net/js/respond.min.js?v=1316246035"></script>
</body>
</html>
