<!DOCTYPE html>
<html>
  <head>
    <title>Layout</title>
    <link rel="stylesheet" href="bootstrap/css/bootstrap.css">
    <link rel="stylesheet" href="style.css">
  </head>
  <body>
    <div class="container">
      <header>
        <h1>Steer the Beat</h1>
      </header>
      <footer>
        <p>Copyright &copy; 2012 Steer the Beat.</p>
      </footer>
    </div>
  </body>
</html>